­ƒöî DB Connection Strategy: Using DATABASE_URL_LOCAL from env
node : D:\regi\appBarN
fce\api\node_modules\.
prisma\client\default.
js:43
No linha:1 caractere:1
+ node 
test_db_connection.js 
> error_log.txt 2>&1
+ ~~~~~~~~~~~~~~~~~~~~
~~~~~~~~~~~~~~~~~~~~~~
~~~~~
    + CategoryInfo    
          : NotSpeci  
  fied: (D:\regi\ap   
 pBarN...t\default    
.js:43:String) []    
, RemoteException
    + FullyQualifiedE 
   rrorId : NativeCo  
  mmandError
 
    throw new 
Error('@prisma/client 
did not initialize 
yet. Please run 
"prisma generate" and 
try to import it 
again.');
          ^

Error: @prisma/client 
did not initialize 
yet. Please run 
"prisma generate" and 
try to import it 
again.
    at new 
PrismaClient (D:\regi\
appBarNfce\api\node_mo
dules\.prisma\client\d
efault.js:43:11)
    at file:///D:/regi
/appBarNfce/api/lib/pr
isma.js:27:21
    at ModuleJob.run (
node:internal/modules/
esm/module_job:271:25)
    at async onImport.
tracePromise.__proto__
 (node:internal/module
s/esm/loader:578:26)
    at async asyncRunE
ntryPointWithESMLoader
 (node:internal/module
s/run_main:116:5)

Node.js v22.14.0
